
> global-intelligence-dashboard@0.2.2-alpha build
> tsc && vite build

[36mvite v6.4.1 [32mbuilding for production...[36m[39m
transforming...
[32mÔ£ô[39m 484 modules transformed.
Ô£ù Build failed in 959ms
error during build:
[vite-plugin-pwa:build] [plugin vite-plugin-pwa:build] There was an error during the build:
  [vite]: Rollup failed to resolve import "pmtiles" from "D:/Dev/GLOBAL-INTELLIGENCE-AI-DASHBOARD/src/components/DeckGLMap.ts".
This is most likely unintended because it can break your application at runtime.
If you do want to externalize this module explicitly add it to
`build.rollupOptions.external`
Additionally, handling the error in the 'buildEnd' hook caused the following error:
  [vite]: Rollup failed to resolve import "pmtiles" from "D:/Dev/GLOBAL-INTELLIGENCE-AI-DASHBOARD/src/components/DeckGLMap.ts".
This is most likely unintended because it can break your application at runtime.
If you do want to externalize this module explicitly add it to
`build.rollupOptions.external`
    at getRollupError (file:///D:/Dev/GLOBAL-INTELLIGENCE-AI-DASHBOARD/node_modules/rollup/dist/es/shared/parseAst.js:401:41)
    at file:///D:/Dev/GLOBAL-INTELLIGENCE-AI-DASHBOARD/node_modules/rollup/dist/es/shared/node-entry.js:23467:39
    at async catchUnfinishedHookActions (file:///D:/Dev/GLOBAL-INTELLIGENCE-AI-DASHBOARD/node_modules/rollup/dist/es/shared/node-entry.js:22925:16)
    at async rollupInternal (file:///D:/Dev/GLOBAL-INTELLIGENCE-AI-DASHBOARD/node_modules/rollup/dist/es/shared/node-entry.js:23450:5)
    at async buildEnvironment (file:///D:/Dev/GLOBAL-INTELLIGENCE-AI-DASHBOARD/node_modules/vite/dist/node/chunks/dep-D4NMHUTW.js:46235:14)
    at async Object.defaultBuildApp [as buildApp] (file:///D:/Dev/GLOBAL-INTELLIGENCE-AI-DASHBOARD/node_modules/vite/dist/node/chunks/dep-D4NMHUTW.js:46713:5)
    at async CAC.<anonymous> (file:///D:/Dev/GLOBAL-INTELLIGENCE-AI-DASHBOARD/node_modules/vite/dist/node/cli.js:863:7)
